// Jest Snapshot v1, https://goo.gl/fbAQLP

exports[`AboutPage Component should render admin dashboard page 1`] = `
<div
  id="about-page"
>
  <Connect(NavBar) />
  <AboutPageContent />
  <Footer />
</div>
`;
