// Jest Snapshot v1, https://goo.gl/fbAQLP

exports[`Auth navbar should render the component without errors 1`] = `
<ul
  className="navbar-nav ml-auto"
>
  <li
    className="nav-item"
  >
    <Link
      className="nav-link active"
      replace={false}
      to="/"
    >
      <span
        className="nav-link-text"
      >
        Home
      </span>
    </Link>
  </li>
  <li
    className="nav-item"
  >
    <Link
      className="nav-link"
      replace={false}
      to="/about"
    >
      <span
        className="nav-link-text"
      >
        about us
      </span>
    </Link>
  </li>
  <li
    className="nav-item"
  >
    <Link
      className="nav-link"
      replace={false}
      to="/dashboard"
    >
      <span
        className="nav-link-text"
      >
        Dashboard
      </span>
    </Link>
  </li>
  <li
    className="nav-item"
  >
    <Link
      className="nav-link"
      onClick={[Function]}
      replace={false}
      to="/"
    >
      <span
        className="nav-link-text"
      >
        logout
      </span>
    </Link>
  </li>
</ul>
`;
