// Jest Snapshot v1, https://goo.gl/fbAQLP

exports[`center details component should render the component based 1`] = `
ShallowWrapper {
  "length": 1,
  Symbol(enzyme.__root__): [Circular],
  Symbol(enzyme.__unrendered__): <CenterDetailsContent
    centerData={
      Object {
        "center": Object {
          "capacity": "500",
          "centerName": "Epic Center",
          "cost": "50000",
          "description": "A center with emotions",
          "facilities": "car park",
          "image": "newpicture.jpg",
          "imageUrl": "picture.jpg",
          "location": "Lekki",
        },
      }
    }
    clearEventState={[MockFunction]}
    deleteCenterEvent={[MockFunction]}
    eventState={
      Object {
        "event": Object {
          "eventTitle": "",
        },
      }
    }
    getCenterEvents={
      [MockFunction] {
        "calls": Array [
          Array [],
        ],
      }
    }
    getCenterSelected={
      [MockFunction] {
        "calls": Array [
          Array [],
        ],
      }
    }
    getEventSelected={[MockFunction]}
    modifyCenter={[MockFunction]}
    modifyCenterEvent={[MockFunction]}
    path="/"
    showDiv={[MockFunction]}
    uploadImage={[MockFunction]}
  />,
  Symbol(enzyme.__renderer__): Object {
    "batchedUpdates": [Function],
    "getNode": [Function],
    "render": [Function],
    "simulateEvent": [Function],
    "unmount": [Function],
  },
  Symbol(enzyme.__node__): Object {
    "instance": null,
    "key": undefined,
    "nodeType": "host",
    "props": Object {
      "children": <div
        className="container"
      >
        <div
          className="row"
        >
          <div
            className="col-lg-6 card bb text-center pt-4 pb-4"
          >
            <Details
              centerState={
                Object {
                  "capacity": "500",
                  "centerName": "Epic Center",
                  "cost": "50000",
                  "decision": "",
                  "description": "A center with emotions",
                  "errors": "",
                  "event": "",
                  "facilities": "car park",
                  "id": "",
                  "image": "newpicture.jpg",
                  "imageUrl": "picture.jpg",
                  "location": "Lekki",
                }
              }
              showHiddenDiv={[Function]}
            />
            <EditCenter
              centerState={
                Object {
                  "capacity": "500",
                  "centerName": "Epic Center",
                  "cost": "50000",
                  "decision": "",
                  "description": "A center with emotions",
                  "errors": "",
                  "event": "",
                  "facilities": "car park",
                  "id": "",
                  "image": "newpicture.jpg",
                  "imageUrl": "picture.jpg",
                  "location": "Lekki",
                }
              }
              imageUrl="newpicture.jpg"
              isValid={[Function]}
              onChange={[Function]}
              path="/"
              showHiddenDiv={[Function]}
              showImage={[Function]}
            />
          </div>
          <EventsList
            eventState={undefined}
            onClick={[Function]}
          />
          <DeleteModal
            content={
              <DeleteContent
                onApprove={[Function]}
                onChange={[Function]}
                onClick={[Function]}
                showHiddenDiv={[Function]}
                state={
                  Object {
                    "capacity": "500",
                    "centerName": "Epic Center",
                    "cost": "50000",
                    "decision": "",
                    "description": "A center with emotions",
                    "errors": "",
                    "event": "",
                    "facilities": "car park",
                    "id": "",
                    "image": "newpicture.jpg",
                    "imageUrl": "picture.jpg",
                    "location": "Lekki",
                  }
                }
              />
            }
            path="/"
          />
        </div>
      </div>,
      "id": "center-event",
    },
    "ref": null,
    "rendered": Object {
      "instance": null,
      "key": undefined,
      "nodeType": "host",
      "props": Object {
        "children": <div
          className="row"
        >
          <div
            className="col-lg-6 card bb text-center pt-4 pb-4"
          >
            <Details
              centerState={
                Object {
                  "capacity": "500",
                  "centerName": "Epic Center",
                  "cost": "50000",
                  "decision": "",
                  "description": "A center with emotions",
                  "errors": "",
                  "event": "",
                  "facilities": "car park",
                  "id": "",
                  "image": "newpicture.jpg",
                  "imageUrl": "picture.jpg",
                  "location": "Lekki",
                }
              }
              showHiddenDiv={[Function]}
            />
            <EditCenter
              centerState={
                Object {
                  "capacity": "500",
                  "centerName": "Epic Center",
                  "cost": "50000",
                  "decision": "",
                  "description": "A center with emotions",
                  "errors": "",
                  "event": "",
                  "facilities": "car park",
                  "id": "",
                  "image": "newpicture.jpg",
                  "imageUrl": "picture.jpg",
                  "location": "Lekki",
                }
              }
              imageUrl="newpicture.jpg"
              isValid={[Function]}
              onChange={[Function]}
              path="/"
              showHiddenDiv={[Function]}
              showImage={[Function]}
            />
          </div>
          <EventsList
            eventState={undefined}
            onClick={[Function]}
          />
          <DeleteModal
            content={
              <DeleteContent
                onApprove={[Function]}
                onChange={[Function]}
                onClick={[Function]}
                showHiddenDiv={[Function]}
                state={
                  Object {
                    "capacity": "500",
                    "centerName": "Epic Center",
                    "cost": "50000",
                    "decision": "",
                    "description": "A center with emotions",
                    "errors": "",
                    "event": "",
                    "facilities": "car park",
                    "id": "",
                    "image": "newpicture.jpg",
                    "imageUrl": "picture.jpg",
                    "location": "Lekki",
                  }
                }
              />
            }
            path="/"
          />
        </div>,
        "className": "container",
      },
      "ref": null,
      "rendered": Object {
        "instance": null,
        "key": undefined,
        "nodeType": "host",
        "props": Object {
          "children": Array [
            <div
              className="col-lg-6 card bb text-center pt-4 pb-4"
            >
              <Details
                centerState={
                  Object {
                    "capacity": "500",
                    "centerName": "Epic Center",
                    "cost": "50000",
                    "decision": "",
                    "description": "A center with emotions",
                    "errors": "",
                    "event": "",
                    "facilities": "car park",
                    "id": "",
                    "image": "newpicture.jpg",
                    "imageUrl": "picture.jpg",
                    "location": "Lekki",
                  }
                }
                showHiddenDiv={[Function]}
              />
              <EditCenter
                centerState={
                  Object {
                    "capacity": "500",
                    "centerName": "Epic Center",
                    "cost": "50000",
                    "decision": "",
                    "description": "A center with emotions",
                    "errors": "",
                    "event": "",
                    "facilities": "car park",
                    "id": "",
                    "image": "newpicture.jpg",
                    "imageUrl": "picture.jpg",
                    "location": "Lekki",
                  }
                }
                imageUrl="newpicture.jpg"
                isValid={[Function]}
                onChange={[Function]}
                path="/"
                showHiddenDiv={[Function]}
                showImage={[Function]}
              />
            </div>,
            <EventsList
              eventState={undefined}
              onClick={[Function]}
            />,
            <DeleteModal
              content={
                <DeleteContent
                  onApprove={[Function]}
                  onChange={[Function]}
                  onClick={[Function]}
                  showHiddenDiv={[Function]}
                  state={
                    Object {
                      "capacity": "500",
                      "centerName": "Epic Center",
                      "cost": "50000",
                      "decision": "",
                      "description": "A center with emotions",
                      "errors": "",
                      "event": "",
                      "facilities": "car park",
                      "id": "",
                      "image": "newpicture.jpg",
                      "imageUrl": "picture.jpg",
                      "location": "Lekki",
                    }
                  }
                />
              }
              path="/"
            />,
          ],
          "className": "row",
        },
        "ref": null,
        "rendered": Array [
          Object {
            "instance": null,
            "key": undefined,
            "nodeType": "host",
            "props": Object {
              "children": Array [
                <Details
                  centerState={
                    Object {
                      "capacity": "500",
                      "centerName": "Epic Center",
                      "cost": "50000",
                      "decision": "",
                      "description": "A center with emotions",
                      "errors": "",
                      "event": "",
                      "facilities": "car park",
                      "id": "",
                      "image": "newpicture.jpg",
                      "imageUrl": "picture.jpg",
                      "location": "Lekki",
                    }
                  }
                  showHiddenDiv={[Function]}
                />,
                <EditCenter
                  centerState={
                    Object {
                      "capacity": "500",
                      "centerName": "Epic Center",
                      "cost": "50000",
                      "decision": "",
                      "description": "A center with emotions",
                      "errors": "",
                      "event": "",
                      "facilities": "car park",
                      "id": "",
                      "image": "newpicture.jpg",
                      "imageUrl": "picture.jpg",
                      "location": "Lekki",
                    }
                  }
                  imageUrl="newpicture.jpg"
                  isValid={[Function]}
                  onChange={[Function]}
                  path="/"
                  showHiddenDiv={[Function]}
                  showImage={[Function]}
                />,
              ],
              "className": "col-lg-6 card bb text-center pt-4 pb-4",
            },
            "ref": null,
            "rendered": Array [
              Object {
                "instance": null,
                "key": undefined,
                "nodeType": "class",
                "props": Object {
                  "centerState": Object {
                    "capacity": "500",
                    "centerName": "Epic Center",
                    "cost": "50000",
                    "decision": "",
                    "description": "A center with emotions",
                    "errors": "",
                    "event": "",
                    "facilities": "car park",
                    "id": "",
                    "image": "newpicture.jpg",
                    "imageUrl": "picture.jpg",
                    "location": "Lekki",
                  },
                  "showHiddenDiv": [Function],
                },
                "ref": null,
                "rendered": null,
                "type": [Function],
              },
              Object {
                "instance": null,
                "key": undefined,
                "nodeType": "class",
                "props": Object {
                  "centerState": Object {
                    "capacity": "500",
                    "centerName": "Epic Center",
                    "cost": "50000",
                    "decision": "",
                    "description": "A center with emotions",
                    "errors": "",
                    "event": "",
                    "facilities": "car park",
                    "id": "",
                    "image": "newpicture.jpg",
                    "imageUrl": "picture.jpg",
                    "location": "Lekki",
                  },
                  "imageUrl": "newpicture.jpg",
                  "isValid": [Function],
                  "onChange": [Function],
                  "path": "/",
                  "showHiddenDiv": [Function],
                  "showImage": [Function],
                },
                "ref": null,
                "rendered": null,
                "type": [Function],
              },
            ],
            "type": "div",
          },
          Object {
            "instance": null,
            "key": undefined,
            "nodeType": "class",
            "props": Object {
              "eventState": undefined,
              "onClick": [Function],
            },
            "ref": null,
            "rendered": null,
            "type": [Function],
          },
          Object {
            "instance": null,
            "key": undefined,
            "nodeType": "class",
            "props": Object {
              "content": <DeleteContent
                onApprove={[Function]}
                onChange={[Function]}
                onClick={[Function]}
                showHiddenDiv={[Function]}
                state={
                  Object {
                    "capacity": "500",
                    "centerName": "Epic Center",
                    "cost": "50000",
                    "decision": "",
                    "description": "A center with emotions",
                    "errors": "",
                    "event": "",
                    "facilities": "car park",
                    "id": "",
                    "image": "newpicture.jpg",
                    "imageUrl": "picture.jpg",
                    "location": "Lekki",
                  }
                }
              />,
              "path": "/",
            },
            "ref": null,
            "rendered": null,
            "type": [Function],
          },
        ],
        "type": "div",
      },
      "type": "div",
    },
    "type": "div",
  },
  Symbol(enzyme.__nodes__): Array [
    Object {
      "instance": null,
      "key": undefined,
      "nodeType": "host",
      "props": Object {
        "children": <div
          className="container"
        >
          <div
            className="row"
          >
            <div
              className="col-lg-6 card bb text-center pt-4 pb-4"
            >
              <Details
                centerState={
                  Object {
                    "capacity": "500",
                    "centerName": "Epic Center",
                    "cost": "50000",
                    "decision": "",
                    "description": "A center with emotions",
                    "errors": "",
                    "event": "",
                    "facilities": "car park",
                    "id": "",
                    "image": "newpicture.jpg",
                    "imageUrl": "picture.jpg",
                    "location": "Lekki",
                  }
                }
                showHiddenDiv={[Function]}
              />
              <EditCenter
                centerState={
                  Object {
                    "capacity": "500",
                    "centerName": "Epic Center",
                    "cost": "50000",
                    "decision": "",
                    "description": "A center with emotions",
                    "errors": "",
                    "event": "",
                    "facilities": "car park",
                    "id": "",
                    "image": "newpicture.jpg",
                    "imageUrl": "picture.jpg",
                    "location": "Lekki",
                  }
                }
                imageUrl="newpicture.jpg"
                isValid={[Function]}
                onChange={[Function]}
                path="/"
                showHiddenDiv={[Function]}
                showImage={[Function]}
              />
            </div>
            <EventsList
              eventState={undefined}
              onClick={[Function]}
            />
            <DeleteModal
              content={
                <DeleteContent
                  onApprove={[Function]}
                  onChange={[Function]}
                  onClick={[Function]}
                  showHiddenDiv={[Function]}
                  state={
                    Object {
                      "capacity": "500",
                      "centerName": "Epic Center",
                      "cost": "50000",
                      "decision": "",
                      "description": "A center with emotions",
                      "errors": "",
                      "event": "",
                      "facilities": "car park",
                      "id": "",
                      "image": "newpicture.jpg",
                      "imageUrl": "picture.jpg",
                      "location": "Lekki",
                    }
                  }
                />
              }
              path="/"
            />
          </div>
        </div>,
        "id": "center-event",
      },
      "ref": null,
      "rendered": Object {
        "instance": null,
        "key": undefined,
        "nodeType": "host",
        "props": Object {
          "children": <div
            className="row"
          >
            <div
              className="col-lg-6 card bb text-center pt-4 pb-4"
            >
              <Details
                centerState={
                  Object {
                    "capacity": "500",
                    "centerName": "Epic Center",
                    "cost": "50000",
                    "decision": "",
                    "description": "A center with emotions",
                    "errors": "",
                    "event": "",
                    "facilities": "car park",
                    "id": "",
                    "image": "newpicture.jpg",
                    "imageUrl": "picture.jpg",
                    "location": "Lekki",
                  }
                }
                showHiddenDiv={[Function]}
              />
              <EditCenter
                centerState={
                  Object {
                    "capacity": "500",
                    "centerName": "Epic Center",
                    "cost": "50000",
                    "decision": "",
                    "description": "A center with emotions",
                    "errors": "",
                    "event": "",
                    "facilities": "car park",
                    "id": "",
                    "image": "newpicture.jpg",
                    "imageUrl": "picture.jpg",
                    "location": "Lekki",
                  }
                }
                imageUrl="newpicture.jpg"
                isValid={[Function]}
                onChange={[Function]}
                path="/"
                showHiddenDiv={[Function]}
                showImage={[Function]}
              />
            </div>
            <EventsList
              eventState={undefined}
              onClick={[Function]}
            />
            <DeleteModal
              content={
                <DeleteContent
                  onApprove={[Function]}
                  onChange={[Function]}
                  onClick={[Function]}
                  showHiddenDiv={[Function]}
                  state={
                    Object {
                      "capacity": "500",
                      "centerName": "Epic Center",
                      "cost": "50000",
                      "decision": "",
                      "description": "A center with emotions",
                      "errors": "",
                      "event": "",
                      "facilities": "car park",
                      "id": "",
                      "image": "newpicture.jpg",
                      "imageUrl": "picture.jpg",
                      "location": "Lekki",
                    }
                  }
                />
              }
              path="/"
            />
          </div>,
          "className": "container",
        },
        "ref": null,
        "rendered": Object {
          "instance": null,
          "key": undefined,
          "nodeType": "host",
          "props": Object {
            "children": Array [
              <div
                className="col-lg-6 card bb text-center pt-4 pb-4"
              >
                <Details
                  centerState={
                    Object {
                      "capacity": "500",
                      "centerName": "Epic Center",
                      "cost": "50000",
                      "decision": "",
                      "description": "A center with emotions",
                      "errors": "",
                      "event": "",
                      "facilities": "car park",
                      "id": "",
                      "image": "newpicture.jpg",
                      "imageUrl": "picture.jpg",
                      "location": "Lekki",
                    }
                  }
                  showHiddenDiv={[Function]}
                />
                <EditCenter
                  centerState={
                    Object {
                      "capacity": "500",
                      "centerName": "Epic Center",
                      "cost": "50000",
                      "decision": "",
                      "description": "A center with emotions",
                      "errors": "",
                      "event": "",
                      "facilities": "car park",
                      "id": "",
                      "image": "newpicture.jpg",
                      "imageUrl": "picture.jpg",
                      "location": "Lekki",
                    }
                  }
                  imageUrl="newpicture.jpg"
                  isValid={[Function]}
                  onChange={[Function]}
                  path="/"
                  showHiddenDiv={[Function]}
                  showImage={[Function]}
                />
              </div>,
              <EventsList
                eventState={undefined}
                onClick={[Function]}
              />,
              <DeleteModal
                content={
                  <DeleteContent
                    onApprove={[Function]}
                    onChange={[Function]}
                    onClick={[Function]}
                    showHiddenDiv={[Function]}
                    state={
                      Object {
                        "capacity": "500",
                        "centerName": "Epic Center",
                        "cost": "50000",
                        "decision": "",
                        "description": "A center with emotions",
                        "errors": "",
                        "event": "",
                        "facilities": "car park",
                        "id": "",
                        "image": "newpicture.jpg",
                        "imageUrl": "picture.jpg",
                        "location": "Lekki",
                      }
                    }
                  />
                }
                path="/"
              />,
            ],
            "className": "row",
          },
          "ref": null,
          "rendered": Array [
            Object {
              "instance": null,
              "key": undefined,
              "nodeType": "host",
              "props": Object {
                "children": Array [
                  <Details
                    centerState={
                      Object {
                        "capacity": "500",
                        "centerName": "Epic Center",
                        "cost": "50000",
                        "decision": "",
                        "description": "A center with emotions",
                        "errors": "",
                        "event": "",
                        "facilities": "car park",
                        "id": "",
                        "image": "newpicture.jpg",
                        "imageUrl": "picture.jpg",
                        "location": "Lekki",
                      }
                    }
                    showHiddenDiv={[Function]}
                  />,
                  <EditCenter
                    centerState={
                      Object {
                        "capacity": "500",
                        "centerName": "Epic Center",
                        "cost": "50000",
                        "decision": "",
                        "description": "A center with emotions",
                        "errors": "",
                        "event": "",
                        "facilities": "car park",
                        "id": "",
                        "image": "newpicture.jpg",
                        "imageUrl": "picture.jpg",
                        "location": "Lekki",
                      }
                    }
                    imageUrl="newpicture.jpg"
                    isValid={[Function]}
                    onChange={[Function]}
                    path="/"
                    showHiddenDiv={[Function]}
                    showImage={[Function]}
                  />,
                ],
                "className": "col-lg-6 card bb text-center pt-4 pb-4",
              },
              "ref": null,
              "rendered": Array [
                Object {
                  "instance": null,
                  "key": undefined,
                  "nodeType": "class",
                  "props": Object {
                    "centerState": Object {
                      "capacity": "500",
                      "centerName": "Epic Center",
                      "cost": "50000",
                      "decision": "",
                      "description": "A center with emotions",
                      "errors": "",
                      "event": "",
                      "facilities": "car park",
                      "id": "",
                      "image": "newpicture.jpg",
                      "imageUrl": "picture.jpg",
                      "location": "Lekki",
                    },
                    "showHiddenDiv": [Function],
                  },
                  "ref": null,
                  "rendered": null,
                  "type": [Function],
                },
                Object {
                  "instance": null,
                  "key": undefined,
                  "nodeType": "class",
                  "props": Object {
                    "centerState": Object {
                      "capacity": "500",
                      "centerName": "Epic Center",
                      "cost": "50000",
                      "decision": "",
                      "description": "A center with emotions",
                      "errors": "",
                      "event": "",
                      "facilities": "car park",
                      "id": "",
                      "image": "newpicture.jpg",
                      "imageUrl": "picture.jpg",
                      "location": "Lekki",
                    },
                    "imageUrl": "newpicture.jpg",
                    "isValid": [Function],
                    "onChange": [Function],
                    "path": "/",
                    "showHiddenDiv": [Function],
                    "showImage": [Function],
                  },
                  "ref": null,
                  "rendered": null,
                  "type": [Function],
                },
              ],
              "type": "div",
            },
            Object {
              "instance": null,
              "key": undefined,
              "nodeType": "class",
              "props": Object {
                "eventState": undefined,
                "onClick": [Function],
              },
              "ref": null,
              "rendered": null,
              "type": [Function],
            },
            Object {
              "instance": null,
              "key": undefined,
              "nodeType": "class",
              "props": Object {
                "content": <DeleteContent
                  onApprove={[Function]}
                  onChange={[Function]}
                  onClick={[Function]}
                  showHiddenDiv={[Function]}
                  state={
                    Object {
                      "capacity": "500",
                      "centerName": "Epic Center",
                      "cost": "50000",
                      "decision": "",
                      "description": "A center with emotions",
                      "errors": "",
                      "event": "",
                      "facilities": "car park",
                      "id": "",
                      "image": "newpicture.jpg",
                      "imageUrl": "picture.jpg",
                      "location": "Lekki",
                    }
                  }
                />,
                "path": "/",
              },
              "ref": null,
              "rendered": null,
              "type": [Function],
            },
          ],
          "type": "div",
        },
        "type": "div",
      },
      "type": "div",
    },
  ],
  Symbol(enzyme.__options__): Object {
    "adapter": ReactSixteenAdapter {
      "options": Object {
        "enableComponentDidUpdateOnSetState": true,
      },
    },
  },
}
`;
