// Jest Snapshot v1, https://goo.gl/fbAQLP

exports[`Default navbar should render the component based 1`] = `
<AuthNavbar
  id="authnavbar"
  navbarProps={
    Object {
      "auth": Object {
        "user": Object {
          "isAdmin": true,
        },
      },
    }
  }
/>
`;
