// Jest Snapshot v1, https://goo.gl/fbAQLP

exports[`guest navbar should render the component based 1`] = `
ShallowWrapper {
  "length": 1,
  Symbol(enzyme.__root__): [Circular],
  Symbol(enzyme.__unrendered__): <NavBar
    auth={
      Object {
        "isAuth": true,
      }
    }
  />,
  Symbol(enzyme.__renderer__): Object {
    "batchedUpdates": [Function],
    "getNode": [Function],
    "render": [Function],
    "simulateEvent": [Function],
    "unmount": [Function],
  },
  Symbol(enzyme.__node__): Object {
    "instance": null,
    "key": undefined,
    "nodeType": "host",
    "props": Object {
      "children": Array [
        <Link
          className="navbar-brand"
          replace={false}
          to="/"
        >
          <h1>
            <span
              className="text-lowercase fw"
            >
              e
            </span>
            Center
          </h1>
        </Link>,
        <button
          aria-controls="navbarResponsive"
          aria-expanded="false"
          aria-label="Toggle navigation"
          className="navbar-toggler navbar-toggler-right"
          data-target="#navbarResponsive"
          data-toggle="collapse"
          type="button"
        >
          <span
            className="navbar-toggler-icon"
          />
        </button>,
        <div
          className="collapse navbar-collapse"
          id="navbarResponsive"
        >
          <DefaultNavbar
            navbarProps={
              Object {
                "auth": Object {
                  "isAuth": true,
                },
              }
            }
          />
        </div>,
      ],
      "className": "navbar navbar-expand-lg navbar-dark fixed-top",
      "id": "mainNav",
    },
    "ref": null,
    "rendered": Array [
      Object {
        "instance": null,
        "key": undefined,
        "nodeType": "class",
        "props": Object {
          "children": <h1>
            <span
              className="text-lowercase fw"
            >
              e
            </span>
            Center
          </h1>,
          "className": "navbar-brand",
          "replace": false,
          "to": "/",
        },
        "ref": null,
        "rendered": Object {
          "instance": null,
          "key": undefined,
          "nodeType": "host",
          "props": Object {
            "children": Array [
              <span
                className="text-lowercase fw"
              >
                e
              </span>,
              "Center",
            ],
          },
          "ref": null,
          "rendered": Array [
            Object {
              "instance": null,
              "key": undefined,
              "nodeType": "host",
              "props": Object {
                "children": "e",
                "className": "text-lowercase fw",
              },
              "ref": null,
              "rendered": "e",
              "type": "span",
            },
            "Center",
          ],
          "type": "h1",
        },
        "type": [Function],
      },
      Object {
        "instance": null,
        "key": undefined,
        "nodeType": "host",
        "props": Object {
          "aria-controls": "navbarResponsive",
          "aria-expanded": "false",
          "aria-label": "Toggle navigation",
          "children": <span
            className="navbar-toggler-icon"
          />,
          "className": "navbar-toggler navbar-toggler-right",
          "data-target": "#navbarResponsive",
          "data-toggle": "collapse",
          "type": "button",
        },
        "ref": null,
        "rendered": Object {
          "instance": null,
          "key": undefined,
          "nodeType": "host",
          "props": Object {
            "className": "navbar-toggler-icon",
          },
          "ref": null,
          "rendered": null,
          "type": "span",
        },
        "type": "button",
      },
      Object {
        "instance": null,
        "key": undefined,
        "nodeType": "host",
        "props": Object {
          "children": <DefaultNavbar
            navbarProps={
              Object {
                "auth": Object {
                  "isAuth": true,
                },
              }
            }
          />,
          "className": "collapse navbar-collapse",
          "id": "navbarResponsive",
        },
        "ref": null,
        "rendered": Object {
          "instance": null,
          "key": undefined,
          "nodeType": "class",
          "props": Object {
            "navbarProps": Object {
              "auth": Object {
                "isAuth": true,
              },
            },
          },
          "ref": null,
          "rendered": null,
          "type": [Function],
        },
        "type": "div",
      },
    ],
    "type": "nav",
  },
  Symbol(enzyme.__nodes__): Array [
    Object {
      "instance": null,
      "key": undefined,
      "nodeType": "host",
      "props": Object {
        "children": Array [
          <Link
            className="navbar-brand"
            replace={false}
            to="/"
          >
            <h1>
              <span
                className="text-lowercase fw"
              >
                e
              </span>
              Center
            </h1>
          </Link>,
          <button
            aria-controls="navbarResponsive"
            aria-expanded="false"
            aria-label="Toggle navigation"
            className="navbar-toggler navbar-toggler-right"
            data-target="#navbarResponsive"
            data-toggle="collapse"
            type="button"
          >
            <span
              className="navbar-toggler-icon"
            />
          </button>,
          <div
            className="collapse navbar-collapse"
            id="navbarResponsive"
          >
            <DefaultNavbar
              navbarProps={
                Object {
                  "auth": Object {
                    "isAuth": true,
                  },
                }
              }
            />
          </div>,
        ],
        "className": "navbar navbar-expand-lg navbar-dark fixed-top",
        "id": "mainNav",
      },
      "ref": null,
      "rendered": Array [
        Object {
          "instance": null,
          "key": undefined,
          "nodeType": "class",
          "props": Object {
            "children": <h1>
              <span
                className="text-lowercase fw"
              >
                e
              </span>
              Center
            </h1>,
            "className": "navbar-brand",
            "replace": false,
            "to": "/",
          },
          "ref": null,
          "rendered": Object {
            "instance": null,
            "key": undefined,
            "nodeType": "host",
            "props": Object {
              "children": Array [
                <span
                  className="text-lowercase fw"
                >
                  e
                </span>,
                "Center",
              ],
            },
            "ref": null,
            "rendered": Array [
              Object {
                "instance": null,
                "key": undefined,
                "nodeType": "host",
                "props": Object {
                  "children": "e",
                  "className": "text-lowercase fw",
                },
                "ref": null,
                "rendered": "e",
                "type": "span",
              },
              "Center",
            ],
            "type": "h1",
          },
          "type": [Function],
        },
        Object {
          "instance": null,
          "key": undefined,
          "nodeType": "host",
          "props": Object {
            "aria-controls": "navbarResponsive",
            "aria-expanded": "false",
            "aria-label": "Toggle navigation",
            "children": <span
              className="navbar-toggler-icon"
            />,
            "className": "navbar-toggler navbar-toggler-right",
            "data-target": "#navbarResponsive",
            "data-toggle": "collapse",
            "type": "button",
          },
          "ref": null,
          "rendered": Object {
            "instance": null,
            "key": undefined,
            "nodeType": "host",
            "props": Object {
              "className": "navbar-toggler-icon",
            },
            "ref": null,
            "rendered": null,
            "type": "span",
          },
          "type": "button",
        },
        Object {
          "instance": null,
          "key": undefined,
          "nodeType": "host",
          "props": Object {
            "children": <DefaultNavbar
              navbarProps={
                Object {
                  "auth": Object {
                    "isAuth": true,
                  },
                }
              }
            />,
            "className": "collapse navbar-collapse",
            "id": "navbarResponsive",
          },
          "ref": null,
          "rendered": Object {
            "instance": null,
            "key": undefined,
            "nodeType": "class",
            "props": Object {
              "navbarProps": Object {
                "auth": Object {
                  "isAuth": true,
                },
              },
            },
            "ref": null,
            "rendered": null,
            "type": [Function],
          },
          "type": "div",
        },
      ],
      "type": "nav",
    },
  ],
  Symbol(enzyme.__options__): Object {
    "adapter": ReactSixteenAdapter {
      "options": Object {
        "enableComponentDidUpdateOnSetState": true,
      },
    },
  },
}
`;
