// Jest Snapshot v1, https://goo.gl/fbAQLP

exports[`Tour Component should render component without error 1`] = `
<div
  className="tour pagination-icon w-auto"
  id="tour"
>
  <i
    className="fa fa-bus-alt"
  />
  <p
    className="tooltiptext"
  >
    Take a tour
  </p>
</div>
`;
