// Jest Snapshot v1, https://goo.gl/fbAQLP

exports[`Home Component should render without throwing error 1`] = `
ShallowWrapper {
  "length": 1,
  Symbol(enzyme.__root__): [Circular],
  Symbol(enzyme.__unrendered__): <Notifications
    activities={
      Object {
        "activities": Array [
          Object {
            "createdAt": "2018-07-07 17:03:36.922+01",
            "description": "come and eat pizza",
            "eventId": 1,
          },
        ],
      }
    }
    onClick={[MockFunction]}
  />,
  Symbol(enzyme.__renderer__): Object {
    "batchedUpdates": [Function],
    "getNode": [Function],
    "render": [Function],
    "simulateEvent": [Function],
    "unmount": [Function],
  },
  Symbol(enzyme.__node__): Object {
    "instance": null,
    "key": undefined,
    "nodeType": "host",
    "props": Object {
      "children": Array [
        <div
          className="row card p-1 mb-1"
        >
          <span>
            <p
              className="activity-font mb-0 p-1"
              id={undefined}
              onClick={[MockFunction]}
            >
              <br />
            </p>
          </span>
        </div>,
      ],
    },
    "ref": null,
    "rendered": Array [
      Object {
        "instance": null,
        "key": "activities",
        "nodeType": "host",
        "props": Object {
          "children": <span>
            <p
              className="activity-font mb-0 p-1"
              id={undefined}
              onClick={[MockFunction]}
            >
              <br />
            </p>
          </span>,
          "className": "row card p-1 mb-1",
        },
        "ref": null,
        "rendered": Object {
          "instance": null,
          "key": undefined,
          "nodeType": "host",
          "props": Object {
            "children": <p
              className="activity-font mb-0 p-1"
              id={undefined}
              onClick={[MockFunction]}
            >
              <br />
            </p>,
          },
          "ref": null,
          "rendered": Object {
            "instance": null,
            "key": undefined,
            "nodeType": "host",
            "props": Object {
              "children": Array [
                undefined,
                <br />,
                undefined,
              ],
              "className": "activity-font mb-0 p-1",
              "id": undefined,
              "onClick": [MockFunction],
            },
            "ref": null,
            "rendered": Array [
              undefined,
              Object {
                "instance": null,
                "key": undefined,
                "nodeType": "host",
                "props": Object {},
                "ref": null,
                "rendered": null,
                "type": "br",
              },
              undefined,
            ],
            "type": "p",
          },
          "type": "span",
        },
        "type": "div",
      },
    ],
    "type": "div",
  },
  Symbol(enzyme.__nodes__): Array [
    Object {
      "instance": null,
      "key": undefined,
      "nodeType": "host",
      "props": Object {
        "children": Array [
          <div
            className="row card p-1 mb-1"
          >
            <span>
              <p
                className="activity-font mb-0 p-1"
                id={undefined}
                onClick={[MockFunction]}
              >
                <br />
              </p>
            </span>
          </div>,
        ],
      },
      "ref": null,
      "rendered": Array [
        Object {
          "instance": null,
          "key": "activities",
          "nodeType": "host",
          "props": Object {
            "children": <span>
              <p
                className="activity-font mb-0 p-1"
                id={undefined}
                onClick={[MockFunction]}
              >
                <br />
              </p>
            </span>,
            "className": "row card p-1 mb-1",
          },
          "ref": null,
          "rendered": Object {
            "instance": null,
            "key": undefined,
            "nodeType": "host",
            "props": Object {
              "children": <p
                className="activity-font mb-0 p-1"
                id={undefined}
                onClick={[MockFunction]}
              >
                <br />
              </p>,
            },
            "ref": null,
            "rendered": Object {
              "instance": null,
              "key": undefined,
              "nodeType": "host",
              "props": Object {
                "children": Array [
                  undefined,
                  <br />,
                  undefined,
                ],
                "className": "activity-font mb-0 p-1",
                "id": undefined,
                "onClick": [MockFunction],
              },
              "ref": null,
              "rendered": Array [
                undefined,
                Object {
                  "instance": null,
                  "key": undefined,
                  "nodeType": "host",
                  "props": Object {},
                  "ref": null,
                  "rendered": null,
                  "type": "br",
                },
                undefined,
              ],
              "type": "p",
            },
            "type": "span",
          },
          "type": "div",
        },
      ],
      "type": "div",
    },
  ],
  Symbol(enzyme.__options__): Object {
    "adapter": ReactSixteenAdapter {
      "options": Object {
        "enableComponentDidUpdateOnSetState": true,
      },
    },
  },
}
`;
